// Jest Snapshot v1, https://goo.gl/fbAQLP

exports[`Header Component matches the snapshot 1`] = `
<body>
  <div>
    <div
      class="MuiBox-root css-17btvqz"
    >
      <h4
        class="MuiTypography-root MuiTypography-h4 css-5lbw0b-MuiTypography-root"
        data-testid="header"
      >
        Clients List App
      </h4>
    </div>
  </div>
</body>
`;
